present: "hello".contains("ell")
present: "hello".crop(1, 3)
present: "hello".ends_with("lo")
present: (0..3).contains(1)
present: 42.to_hex()
present: 42.to_string()
present: 5.get_bits(0, 2)
present: [1, 2, 3].is_empty()
present: [1, 2].index_of(2)
present: [3, 1, 2].sort(); [3, 1, 2]
present: atan(1.0)
present: blob(3, 0).is_empty()
present: blob(3, 0).len()
present: ceiling(4.2)
present: floor(4.7)
present: fraction(4.5)
present: is_even(4)
present: is_nan(1.0)
present: is_odd(4)
present: is_zero(0)
present: let f = Fn("is_even"); f.name()
present: let m = #{a: 1}; m.mixin(#{b: 2});
present: let s = "hi"; s.make_upper(); s
absent : let t = timestamp(); t.elapsed()
present: max(1, 2)
present: min(1, 2)
present: parse_int("5")
present: round(4.5)
absent : timestamp()
present: to_float(4)
present: to_int(4.9)
