present: "hello".contains("ell")
present: "hello".crop(1, 3)
present: "hello".ends_with("lo")
present: (0..3).contains(1)
present: 42.to_hex()
present: 42.to_string()
present: 5.get_bits(0, 2)
present: [1, 2, 3].is_empty()
present: [1, 2].index_of(2)
present: [3, 1, 2].sort(); [3, 1, 2]
present: atan(1.0)
present: blob(3, 0).is_empty()
present: blob(3, 0).len()
present: ceiling(4.2)
present: clamp(1, 0, 2)
present: days(1)
present: days(1) + hours(1)
present: days(1).whole_days()
present: days(2) - hours(1)
present: execution_start()
present: floor(4.7)
present: format_precision(1.0, 2)
present: format_thousands(1000)
present: fraction(4.5)
present: hours(1)
present: hours(1).whole_hours()
present: is_even(4)
present: is_nan(1.0)
present: is_odd(4)
present: is_valid_date("2024-01-01", "%Y-%m-%d")
present: is_valid_timestamp("2024-01-01T00:00:00Z")
present: is_zero(0)
present: json_parse("{}")
present: json_stringify(#{})
present: json_stringify_pretty(#{})
present: let f = Fn("is_even"); f.name()
present: let m = #{a: 1}; m.mixin(#{b: 2});
present: let s = "hi"; s.make_upper(); s
absent : let t = timestamp(); t.elapsed()
present: max(1, 2)
present: millis(1)
present: millis(1).whole_millis()
present: min(1, 2)
present: minutes(1)
present: minutes(1).whole_minutes()
present: now()
present: pad_end("1", 3, "0")
present: pad_start("1", 3, "0")
present: parse_date("2024-01-01", "%Y-%m-%d")
present: parse_float_or("1.0", 0.0)
present: parse_int("5")
present: parse_int_or("1", 0)
present: parse_timestamp("2024-01-01T00:00:00Z")
present: parse_timestamp("2024-01-01T00:00:00Z") != parse_timestamp("2023-01-01T00:00:00Z")
present: parse_timestamp("2024-01-01T00:00:00Z") + days(1)
present: parse_timestamp("2024-01-01T00:00:00Z") - days(1)
present: parse_timestamp("2024-01-01T00:00:00Z") < parse_timestamp("2025-01-01T00:00:00Z")
present: parse_timestamp("2024-01-01T00:00:00Z") <= parse_timestamp("2024-01-01T00:00:00Z")
present: parse_timestamp("2024-01-01T00:00:00Z") == parse_timestamp("2024-01-01T00:00:00Z")
present: parse_timestamp("2024-01-01T00:00:00Z") >= parse_timestamp("2024-01-01T00:00:00Z")
present: parse_timestamp("2024-01-01T00:00:00Z").day()
present: parse_timestamp("2024-01-01T00:00:00Z").format("%Y")
present: parse_timestamp("2024-01-01T00:00:00Z").hour()
present: parse_timestamp("2024-01-01T00:00:00Z").is_between(parse_timestamp("2023-01-01T00:00:00Z"), parse_timestamp("2025-01-01T00:00:00Z"))
present: parse_timestamp("2024-01-01T00:00:00Z").minute()
present: parse_timestamp("2024-01-01T00:00:00Z").month()
present: parse_timestamp("2024-01-01T00:00:00Z").second()
present: parse_timestamp("2024-01-01T00:00:00Z").to_rfc3339()
present: parse_timestamp("2024-01-01T00:00:00Z").unix_seconds()
present: parse_timestamp("2024-01-01T00:00:00Z").weekday()
present: parse_timestamp("2024-01-01T00:00:00Z").year()
present: parse_timestamp("2024-01-02T00:00:00Z") - parse_timestamp("2024-01-01T00:00:00Z")
present: parse_timestamp("2025-01-01T00:00:00Z") > parse_timestamp("2024-01-01T00:00:00Z")
present: regex_captures("a", "a")
present: regex_find("a", "a")
present: regex_is_match("a", "a")
present: regex_replace("a", "a", "b")
present: regex_replace_all("a", "a", "b")
present: regex_split(",", "a,b")
present: round(4.5)
present: round_to(1.005, 2)
present: safe_slice("hello", 0, 2)
present: seconds(1)
present: seconds(1).whole_seconds()
absent : timestamp()
present: to_float(4)
present: to_int(4.9)
present: yaml_parse("a: 1")
present: yaml_stringify(#{a: 1})
